// Jest Snapshot v1, https://goo.gl/fbAQLP

exports[`renders Snapshot correctly 1`] = `
<RCTSafeAreaView
  emulateUnlessSupported={true}
  style={
    Array [
      Object {
        "backgroundColor": "transparent",
        "flex": 1,
      },
      Object {
        "alignItems": "center",
        "justifyContent": "center",
      },
      Object {
        "backgroundColor": undefined,
      },
    ]
  }
>
  <Text
    style={
      Array [
        Object {
          "fontSize": 18,
        },
        Object {
          "color": undefined,
        },
      ]
    }
    xlarge={true}
  >
    Search Tab
  </Text>
</RCTSafeAreaView>
`;
