// Jest Snapshot v1, https://goo.gl/fbAQLP

exports[`renders correctly 1`] = `
<RCTSafeAreaView
  emulateUnlessSupported={true}
  style={
    Array [
      Object {
        "backgroundColor": "transparent",
        "flex": 1,
      },
      Object {
        "alignItems": "center",
        "justifyContent": "center",
      },
      Object {
        "backgroundColor": undefined,
      },
    ]
  }
>
  <RCTScrollView
    ListEmptyComponent={[Function]}
    data={Array []}
    getItem={[Function]}
    getItemCount={[Function]}
    keyExtractor={[Function]}
    onContentSizeChange={[Function]}
    onEndReached={[Function]}
    onLayout={[Function]}
    onMomentumScrollBegin={[Function]}
    onMomentumScrollEnd={[Function]}
    onScroll={[Function]}
    onScrollBeginDrag={[Function]}
    onScrollEndDrag={[Function]}
    removeClippedSubviews={false}
    renderItem={[Function]}
    scrollEventThrottle={50}
    showsVerticalScrollIndicator={false}
    stickyHeaderIndices={Array []}
    testID="flatlist"
    viewabilityConfigCallbackPairs={Array []}
  >
    <View>
      <View
        style={
          Object {
            "backgroundColor": "yellow",
            "height": 20,
          }
        }
      />
    </View>
  </RCTScrollView>
</RCTSafeAreaView>
`;
